Дата: 2026-10-01T03:34:32.619Z
Количество занятий: 2
Длительность: 60 минут
Тариф: 1.2
Коэффициент: 1.2
Итоговая стоимость: 4320 руб.
----------------------------------------
Дата: 2026-10-01T03:43:53.379Z
Количество занятий: 2
Длительность: 60 минут
Тариф: 1.2
Коэффициент: 1.2
Итоговая стоимость: 4320 руб.
----------------------------------------
Дата: 2026-10-01T03:45:06.086Z
Количество занятий: 2
Длительность: 60 минут
Тариф: 1.2
Коэффициент: 1.2
Итоговая стоимость: 4320 руб.
----------------------------------------
Дата: 2026-10-01T03:59:46.979Z
Количество занятий: 1
Длительность: 90 минут
Тариф: 1
Коэффициент: 1
Итоговая стоимость: 2700 руб.
----------------------------------------
Дата: 2026-10-01T03:59:50.071Z
Количество занятий: 1
Длительность: 60 минут
Тариф: 1
Коэффициент: 1
Итоговая стоимость: 1800 руб.
----------------------------------------
Дата: 2026-10-01T03:59:52.687Z
Количество занятий: 1
Длительность: 45 минут
Тариф: 1
Коэффициент: 1
Итоговая стоимость: 1350 руб.
----------------------------------------
Дата: 2026-10-01T03:59:54.358Z
Количество занятий: 2
Длительность: 45 минут
Тариф: 1
Коэффициент: 1
Итоговая стоимость: 2700 руб.
----------------------------------------
Дата: 2026-10-01T03:59:54.513Z
Количество занятий: 3
Длительность: 45 минут
Тариф: 1
Коэффициент: 1
Итоговая стоимость: 4050 руб.
----------------------------------------
Дата: 2026-10-01T04:00:01.352Z
Количество занятий: 3
Длительность: 90 минут
Тариф: 1
Коэффициент: 1
Итоговая стоимость: 8100 руб.
----------------------------------------
Дата: 2026-10-01T04:00:01.801Z
Количество занятий: 31
Длительность: 90 минут
Тариф: 1
Коэффициент: 1
Итоговая стоимость: 83700 руб.
----------------------------------------
Дата: 2026-10-01T04:00:01.870Z
Количество занятий: 313
Длительность: 90 минут
Тариф: 1
Коэффициент: 1
Итоговая стоимость: 845100 руб.
----------------------------------------
Дата: 2026-10-01T04:00:01.981Z
Количество занятий: 3131
Длительность: 90 минут
Тариф: 1
Коэффициент: 1
Итоговая стоимость: 8453700 руб.
----------------------------------------
Дата: 2026-10-01T04:00:02.192Z
Количество занятий: 3131
Длительность: 90 минут
Тариф: 1
Коэффициент: 1
Итоговая стоимость: 8453700 руб.
----------------------------------------
Дата: 2026-10-01T04:01:38.488Z
Количество занятий: 3131
Длительность: 90 минут
Тариф: 1
Коэффициент: 1
Итоговая стоимость: 8453700 руб.
----------------------------------------
Дата: 2026-10-01T04:01:41.134Z
Количество занятий: 3131
Длительность: 60 минут
Тариф: 1
Коэффициент: 1
Итоговая стоимость: 5635800 руб.
----------------------------------------
Дата: 2026-10-01T04:01:43.227Z
Количество занятий: 3131
Длительность: 45 минут
Тариф: 1
Коэффициент: 1
Итоговая стоимость: 4226850 руб.
----------------------------------------
Дата: 2026-10-01T04:01:46.958Z
Количество занятий: 31314
Длительность: 45 минут
Тариф: 1
Коэффициент: 1
Итоговая стоимость: 42273900 руб.
----------------------------------------
Дата: 2026-10-01T04:01:47.101Z
Количество занятий: 313144
Длительность: 45 минут
Тариф: 1
Коэффициент: 1
Итоговая стоимость: 422744400 руб.
----------------------------------------
Дата: 2026-10-01T04:01:47.171Z
Количество занятий: 3131442
Длительность: 45 минут
Тариф: 1
Коэффициент: 1
Итоговая стоимость: 4227446700 руб.
----------------------------------------
Дата: 2026-10-01T04:01:47.190Z
Количество занятий: 313144214
Длительность: 45 минут
Тариф: 1
Коэффициент: 1
Итоговая стоимость: 422744688900 руб.
----------------------------------------
Дата: 2026-10-01T04:01:47.197Z
Количество занятий: 31314421
Длительность: 45 минут
Тариф: 1
Коэффициент: 1
Итоговая стоимость: 42274468350 руб.
----------------------------------------
