Дата: 2026-10-01T04:20:31.818Z
Количество занятий: 1
Длительность: 60 минут
Тариф: 1
Коэффициент: 1
Итоговая стоимость: 1800 руб.
----------------------------------------
Дата: 2026-10-01T04:20:54.753Z
Количество занятий: 1
Длительность: 60 минут
Тариф: 1
Коэффициент: 1
Итоговая стоимость: 1800 руб.
----------------------------------------
Дата: 2026-10-01T04:22:29.273Z
Количество занятий: 15
Длительность: 60 минут
Тариф: 1
Коэффициент: 1
Итоговая стоимость: 27000 руб.
----------------------------------------
Дата: 2026-10-01T04:22:29.292Z
Количество занятий: 1532653
Длительность: 60 минут
Тариф: 1
Коэффициент: 1
Итоговая стоимость: 2758775400 руб.
----------------------------------------
Дата: 2026-10-01T04:22:29.387Z
Количество занятий: 153
Длительность: 60 минут
Тариф: 1
Коэффициент: 1
Итоговая стоимость: 275400 руб.
----------------------------------------
Дата: 2026-10-01T04:22:29.520Z
Количество занятий: 15326
Длительность: 60 минут
Тариф: 1
Коэффициент: 1
Итоговая стоимость: 27586800 руб.
----------------------------------------
Дата: 2026-10-01T04:22:29.821Z
Количество занятий: 1532
Длительность: 60 минут
Тариф: 1
Коэффициент: 1
Итоговая стоимость: 2757600 руб.
----------------------------------------
Дата: 2026-10-01T04:22:30.676Z
Количество занятий: 153265
Длительность: 60 минут
Тариф: 1
Коэффициент: 1
Итоговая стоимость: 275877000 руб.
----------------------------------------
Дата: 2026-10-01T06:14:06.363Z
Количество занятий: 1
Длительность: 60 минут
Тариф: 1
Коэффициент: 1
Итоговая стоимость: 1800 руб.
----------------------------------------
Дата: 2026-10-01T06:14:14.635Z
Количество занятий: 1
Длительность: 60 минут
Тариф: 1
Коэффициент: 1
Итоговая стоимость: 1800 руб.
----------------------------------------
Дата: 2026-10-01T06:30:48.418Z
Количество занятий: 1
Длительность: 60 минут
Тариф: 1
Коэффициент: 1
Итоговая стоимость: 1800 руб.
----------------------------------------
Дата: 2026-10-01T06:33:10.667Z
Количество занятий: 4
Длительность: 60 минут
Тариф: 1
Коэффициент: 1
Итоговая стоимость: 7200 руб.
----------------------------------------
Дата: 2026-10-01T06:33:10.674Z
Количество занятий: 2
Длительность: 60 минут
Тариф: 1
Коэффициент: 1
Итоговая стоимость: 3600 руб.
----------------------------------------
Дата: 2026-10-01T06:33:10.896Z
Количество занятий: 3
Длительность: 60 минут
Тариф: 1
Коэффициент: 1
Итоговая стоимость: 5400 руб.
----------------------------------------
Дата: 2026-10-01T06:33:12.476Z
Количество занятий: 4
Длительность: 90 минут
Тариф: 1
Коэффициент: 1
Итоговая стоимость: 10800 руб.
----------------------------------------
Дата: 2026-10-01T06:33:13.976Z
Количество занятий: 43
Длительность: 90 минут
Тариф: 1
Коэффициент: 1
Итоговая стоимость: 116100 руб.
----------------------------------------
Дата: 2026-10-01T06:33:14.015Z
Количество занятий: 434
Длительность: 90 минут
Тариф: 1
Коэффициент: 1
Итоговая стоимость: 1171800 руб.
----------------------------------------
Дата: 2026-10-01T06:33:14.127Z
Количество занятий: 4342
Длительность: 90 минут
Тариф: 1
Коэффициент: 1
Итоговая стоимость: 11723400 руб.
----------------------------------------
Дата: 2026-10-01T06:33:14.163Z
Количество занятий: 43423
Длительность: 90 минут
Тариф: 1
Коэффициент: 1
Итоговая стоимость: 117242100 руб.
----------------------------------------
Дата: 2026-10-01T06:33:14.174Z
Количество занятий: 434234
Длительность: 90 минут
Тариф: 1
Коэффициент: 1
Итоговая стоимость: 1172431800 руб.
----------------------------------------
Дата: 2026-10-01T06:33:14.966Z
Количество занятий: 434234
Длительность: 90 минут
Тариф: 1.5
Коэффициент: 1.5
Итоговая стоимость: 1758647700 руб.
----------------------------------------
Дата: 2026-10-01T06:33:34.686Z
Количество занятий: 4
Длительность: 90 минут
Тариф: 1.5
Коэффициент: 1.5
Итоговая стоимость: 16200 руб.
----------------------------------------
Дата: 2026-10-01T06:33:34.984Z
Количество занятий: 4
Длительность: 90 минут
Тариф: 1.5
Коэффициент: 1.5
Итоговая стоимость: 16200 руб.
----------------------------------------
